Program Version,EnergyPlus, Version 24.2.0-94a887817b, YMD=2026.04.02 15:52,
   ** Warning ** ManageSizing: For a zone sizing run, there must be at least 1 Sizing:Zone input object. SimulationControl Zone Sizing option ignored.
   ** Warning ** Weather file location will be used rather than entered (IDF) Location object.
   **   ~~~   ** ..Location object=ESP_DAKAR
   **   ~~~   ** ..Weather File Location=Saint.Louis.AP SL SEN SRC-TMYx WMO#=616000
   **   ~~~   ** ..due to location differences, Latitude difference=[1.32] degrees, Longitude difference=[1.04] degrees.
   **   ~~~   ** ..Time Zone difference=[0.0] hour(s), Elevation difference=[88.75] percent, [21.30] meters.
   ************* Testing Individual Branch Integrity
   ************* All Branches passed integrity testing
   ************* Testing Individual Supply Air Path Integrity
   ************* All Supply Air Paths passed integrity testing
   ************* Testing Individual Return Air Path Integrity
   ************* All Return Air Paths passed integrity testing
   ************* No node connection errors were found.
   ************* Beginning Simulation
   ************* Simulation Error Summary *************
   ************* There are 12 unused schedules in input.
   ************* Use Output:Diagnostics,DisplayUnusedSchedules; to see them.
   ************* EnergyPlus Warmup Error Summary. During Warmup: 0 Warning; 0 Severe Errors.
   ************* EnergyPlus Sizing Error Summary. During Sizing: 1 Warning; 0 Severe Errors.
   ************* EnergyPlus Completed Successfully-- 2 Warning; 0 Severe Errors; Elapsed Time=00hr 00min  2.27sec
